=== DATA-SCALE FORCING: 2-block RoPE, windowed over 9984 distinct 4-digit numbers ===
pool chars=349440  vocab=27
window=350 chars (10 lines), nwin=998
R37_SPLIT_TRAIN_SHA=f9ec1b1a19719ccade7b53ceb7ec166e3f1dfbd66257ac3dedba8f3b3e12f05e
R37_SPLIT_HOLDOUT_SHA=893f259d372a8a6cdd7b56c3d032a93dd593b2541b291b5e7f857aad856ccbba
[tgl_init] dylib=/Users/ledaticempire/rail-reward/tools/metal/libtensor_gpu.dylib src_path=/Users/ledaticempire/rail-reward/tools/metal/tensor_gpu.metal
[tgl_init] OK — 41 functions
R37_CKPT0_CONTROL=0/64  (must be < 48)
(twloss = loss on each fresh window; low twloss => generalizing copy, not memorizing)
step 0  twloss=14.2270829487696  HELDOUT=1/64
step 250  twloss=0.654375994108664  HELDOUT=2/64
step 500  twloss=0.538358669218138  HELDOUT=15/64
step 750  twloss=0.691426008320182  HELDOUT=8/64
step 1000  twloss=0.627376197390851  HELDOUT=28/64
step 1250  twloss=0.576697428226887  HELDOUT=14/64
step 1500  twloss=0.527386419927481  HELDOUT=21/64
step 1750  twloss=0.449979185926662  HELDOUT=34/64
step 2000  twloss=0.617587362659264  HELDOUT=21/64
step 2250  twloss=0.553955961229641  HELDOUT=25/64
step 2500  twloss=0.438236509262794  HELDOUT=30/64
step 2750  twloss=0.545736920034556  HELDOUT=27/64
step 3000  twloss=0.541588659259683  HELDOUT=40/64
step 3250  twloss=0.547974331094436  HELDOUT=24/64
step 3500  twloss=0.570435665200072  HELDOUT=29/64
step 3750  twloss=0.553035994776414  HELDOUT=34/64
step 4000  twloss=0.594837062617128  HELDOUT=34/64
step 4250  twloss=0.526341804819276  HELDOUT=39/64
step 4500  twloss=0.525771814512611  HELDOUT=39/64
step 4750  twloss=0.567484433513273  HELDOUT=39/64
step 5000  twloss=0.464555423814497  HELDOUT=47/64
step 5250  twloss=0.42835648304062  HELDOUT=60/64
step 5500  twloss=0.502144569218616  HELDOUT=62/64
step 5750  twloss=0.488143127834794  HELDOUT=57/64
FINAL HELDOUT_DIGITS=62/64  (>=48 = GENERALIZES copy rule)
predict sample: ain = print (show (653))))-- 2599
main = print (show (6767)))-- 1415
m
R37_FORCE_WEIGHT_SHA=35eadeabdf9d78ab9701ce663882e137b628c0439a468db47b2171fdda01dd63
R37_PART_00_w_e_LEN=14346
R37_PART_01_w_o_LEN=14197
R37_PART_02_wq1_LEN=33549
R37_PART_03_wk1_LEN=33637
R37_PART_04_wv1_LEN=33452
R37_PART_05_wf11_LEN=130454
R37_PART_06_wf21_LEN=130091
R37_PART_07_wq2_LEN=33555
R37_PART_08_wk2_LEN=33409
R37_PART_09_wv2_LEN=33824
R37_PART_10_wf12_LEN=128502
R37_PART_11_wf22_LEN=130148
R37_PART_12_ln_g_LEN=576
R37_PART_13_ln_b_LEN=128
R37_ARTIFACT_ORDER=w_e,w_o,wq1,wk1,wv1,wf11,wf21,wq2,wk2,wv2,wf12,wf22,ln_g,ln_b
R37_FORCE_ECHO_Q24GRID=62/64  (== float echo => Q.24 grid faithful; float fwd, exact-int fwd = roadmap)
